[0.084s] Invoking command in '/home/ros/ros2_ws/build/my_package': /usr/bin/cmake --build /home/ros/ros2_ws/build/my_package -- -j4 -l4
[0.205s] -- Found ament_cmake: 1.3.3 (/opt/ros/humble/share/ament_cmake/cmake)
[0.482s] -- Found ament_lint_auto: 0.12.5 (/opt/ros/humble/share/ament_lint_auto/cmake)
[0.571s] Error parsing '/home/ros/ros2_ws/src/my_package/package.xml':
[0.798s] Traceback (most recent call last):
[0.798s]   File "/usr/lib/python3/dist-packages/catkin_pkg/package.py", line 610, in parse_package_string
[0.800s]     root = dom.parseString(data)
[0.800s]   File "/usr/lib/python3.10/xml/dom/minidom.py", line 1998, in parseString
[0.803s]     return expatbuilder.parseString(string)
[0.803s]   File "/usr/lib/python3.10/xml/dom/expatbuilder.py", line 925, in parseString
[0.805s]     return builder.parseString(string)
[0.805s]   File "/usr/lib/python3.10/xml/dom/expatbuilder.py", line 223, in parseString
[0.806s]     parser.Parse(string, True)
[0.806s] xml.parsers.expat.ExpatError: not well-formed (invalid token): line 8, column 29
[0.806s] 
[0.807s] During handling of the above exception, another exception occurred:
[0.807s] 
[0.807s] Traceback (most recent call last):
[0.808s]   File "/opt/ros/humble/share/ament_cmake_core/cmake/core/package_xml_2_cmake.py", line 150, in <module>
[0.808s]     main()
[0.809s]   File "/opt/ros/humble/share/ament_cmake_core/cmake/core/package_xml_2_cmake.py", line 53, in main
[0.809s]     raise e
[0.810s]   File "/opt/ros/humble/share/ament_cmake_core/cmake/core/package_xml_2_cmake.py", line 49, in main
[0.810s]     package = parse_package_string(
[0.810s]   File "/usr/lib/python3/dist-packages/catkin_pkg/package.py", line 612, in parse_package_string
[0.811s]     raise InvalidPackage('The manifest contains invalid XML:\n%s' % ex, filename)
[0.811s] catkin_pkg.package.InvalidPackage: Error(s) in package '/home/ros/ros2_ws/src/my_package/package.xml':
[0.812s] The manifest contains invalid XML:
[0.812s] not well-formed (invalid token): line 8, column 29
[0.838s] [31mCMake Error at /opt/ros/humble/share/ament_cmake_core/cmake/core/ament_package_xml.cmake:95 (message):
[0.838s]   execute_process(/usr/bin/python3.10
[0.838s]   /opt/ros/humble/share/ament_cmake_core/cmake/core/package_xml_2_cmake.py
[0.838s]   /home/ros/ros2_ws/src/my_package/package.xml
[0.838s]   /home/ros/ros2_ws/build/my_package/ament_cmake_core/package.cmake) returned
[0.839s]   error code 1
[0.839s] Call Stack (most recent call first):
[0.839s]   /opt/ros/humble/share/ament_cmake_core/cmake/core/ament_package_xml.cmake:49 (_ament_package_xml)
[0.839s]   /opt/ros/humble/share/ament_lint_auto/cmake/ament_lint_auto_find_test_dependencies.cmake:31 (ament_package_xml)
[0.839s]   CMakeLists.txt:32 (ament_lint_auto_find_test_dependencies)
[0.839s] 
[0.839s] [0m
[0.840s] -- Configuring incomplete, errors occurred!
[0.840s] See also "/home/ros/ros2_ws/build/my_package/CMakeFiles/CMakeOutput.log".
[0.842s] gmake: *** [Makefile:267: cmake_check_build_system] Error 1
[0.847s] Invoked command in '/home/ros/ros2_ws/build/my_package' returned '2': /usr/bin/cmake --build /home/ros/ros2_ws/build/my_package -- -j4 -l4
